run http://127.0.0.1:18080
vm0 up  2 vCPU  256 MiB  kernel=/boot/vmlinuz-6.8.0-139-generic
[    0.000000] Linux version 6.8.0-139-generic (buildd@lcy02-amd64-036) (x86_64-linux-gnu-gcc-13 (Ubuntu 13.3.0-6ubuntu2~24.04.1) 13.3.0, GNU ld (GNU Binutils for Ubuntu) 2.42) #139-Ubuntu SMP PREEMPT_DYNAMIC Sat Aug  1 03:52:05 UTC 2026 (Ubuntu 6.8.0-139.139-generic 6.8.12)
[    0.000000] Command line: console=ttyS0 earlyprintk=serial,ttyS0,115200 reboot=t panic=1 pci=off tsc=reliable ip=10.0.0.2::10.0.0.1:255.255.255.0::eth0:off acpi=force 
[    0.000000] KERNEL supported cpus:
[    0.000000]   Intel GenuineIntel
[    0.000000]   AMD AuthenticAMD
[    0.000000]   Hygon HygonGenuine
[    0.000000]   Centaur CentaurHauls
[    0.000000]   zhaoxin   Shanghai  
[    0.000000] [Firmware Bug]: TSC doesn't count with P0 frequency!
[    0.000000] BIOS-provided physical RAM map:
[    0.000000] BIOS-e820: [mem 0x0000000000000000-0x000000000007ffff] usable
[    0.000000] BIOS-e820: [mem 0x0000000000080000-0x000000000008ffff] ACPI data
[    0.000000] BIOS-e820: [mem 0x0000000000100000-0x000000000fffffff] usable
[    0.000000] printk: legacy bootconsole [earlyser0] enabled
[    0.000000] NX (Execute Disable) protection: active
[    0.000000] APIC: Static calls initialized
[    0.000000] DMI not present or invalid.
[    0.000000] Hypervisor detected: KVM
[    0.000000] kvm-clock: Using msrs 4b564d01 and 4b564d00
[    0.000001] kvm-clock: using sched offset of 191402143 cycles
[    0.001000] clocksource: kvm-clock: mask: 0xffffffffffffffff max_cycles: 0x1cd42e4dffb, max_idle_ns: 881590591483 ns
[    0.004128] tsc: Detected 2445.428 MHz processor
[    0.005049] last_pfn = 0x10000 max_arch_pfn = 0x400000000
[    0.006260] MTRRs disabled by BIOS
[    0.006909] x86/PAT: Configuration [0-7]: WB  WC  UC- UC  WB  WP  UC- WT  
Memory KASLR using RDRAND RDTSC...
[    0.012745] Using GB pages for direct mapping
[    0.013820] RAMDISK: [mem 0x0fd9a000-0x0fffffff]
[    0.014831] ACPI: Early table checksum verification disabled
[    0.015925] ACPI: RSDP 0x0000000000080000 000024 (v02 RUN   )
[    0.017070] ACPI: XSDT 0x0000000000080040 000034 (v01 RUN    RUN      00000001 RUN  00000001)
[    0.018694] ACPI: FACP 0x0000000000080080 000114 (v06 RUN    RUN      00000001 RUN  00000001)
[    0.020325] ACPI: DSDT 0x00000000000801E6 0000CD (v02 RUN    RUN      00000001 RUN  00000001)
[    0.021955] ACPI: APIC 0x0000000000080194 000052 (v04 RUN    RUN      00000001 RUN  00000001)
[    0.023637] ACPI: Reserving FACP table memory at [mem 0x80080-0x80193]
[    0.024883] ACPI: Reserving DSDT table memory at [mem 0x801e6-0x802b2]
[    0.026146] ACPI: Reserving APIC table memory at [mem 0x80194-0x801e5]
[    0.027502] No NUMA configuration found
[    0.028245] Faking a node at [mem 0x0000000000000000-0x000000000fffffff]
[    0.029569] NODE_DATA(0) allocated [mem 0x0fd6f000-0x0fd99fff]
[    0.030789] Zone ranges:
[    0.031285]   DMA      [mem 0x0000000000001000-0x0000000000ffffff]
[    0.032463]   DMA32    [mem 0x0000000001000000-0x000000000fffffff]
[    0.033638]   Normal   empty
[    0.034193]   Device   empty
[    0.034736] Movable zone start for each node
[    0.035548] Early memory node ranges
[    0.036227]   node   0: [mem 0x0000000000001000-0x000000000007ffff]
[    0.037418]   node   0: [mem 0x0000000000100000-0x000000000fffffff]
[    0.038611] Initmem setup node 0 [mem 0x0000000000001000-0x000000000fffffff]
[    0.040115] On node 0, zone DMA: 1 pages in unavailable ranges
[    0.041294] On node 0, zone DMA: 128 pages in unavailable ranges
[    0.042799] IOAPIC[0]: apic_id 0, version 17, address 0xfec00000, GSI 0-23
[    0.044130] ACPI: INT_SRC_OVR (bus 0 bus_irq 0 global_irq 2 dfl dfl)
[    0.045354] ACPI: Using ACPI (MADT) for SMP configuration information
[    0.046581] TSC deadline timer available
[    0.047333] smpboot: Allowing 2 CPUs, 0 hotplug CPUs
[    0.048306] kvm-guest: APIC: eoi() replaced with kvm_guest_apic_eoi_write()
[    0.049658] kvm-guest: KVM setup pv remote TLB flush
[    0.050616] kvm-guest: setup PV sched yield
[    0.051437] PM: hibernation: Registered nosave memory: [mem 0x00000000-0x00000fff]
[    0.052888] PM: hibernation: Registered nosave memory: [mem 0x00080000-0x000fffff]
[    0.054352] [mem 0x10000000-0xffffffff] available for PCI devices
[    0.055516] Booting paravirtualized kernel on KVM
[    0.056417] clocksource: refined-jiffies: mask: 0xffffffff max_cycles: 0xffffffff, max_idle_ns: 1910969940391419 ns
[    0.058429] setup_percpu: NR_CPUS:8192 nr_cpumask_bits:2 nr_cpu_ids:2 nr_node_ids:1
[    0.060103] percpu: Embedded 86 pages/cpu s229376 r8192 d114688 u1048576
[    0.061481] kvm-guest: PV spinlocks enabled
[    0.062300] PV qspinlock hash table entries: 256 (order: 0, 4096 bytes, linear)
[    0.063702] Kernel command line: console=ttyS0 earlyprintk=serial,ttyS0,115200 reboot=t panic=1 pci=off tsc=reliable ip=10.0.0.2::10.0.0.1:255.255.255.0::eth0:off acpi=force 
[    0.067151] Unknown kernel command line parameters "ip=10.0.0.2::10.0.0.1:255.255.255.0::eth0:off", will be passed to user space.
[    0.069477] random: crng init done
[    0.070183] Dentry cache hash table entries: 32768 (order: 6, 262144 bytes, linear)
[    0.071682] Inode-cache hash table entries: 16384 (order: 5, 131072 bytes, linear)
[    0.073260] Fallback order for Node 0: 0 
[    0.073264] Built 1 zonelists, mobility grouping on.  Total pages: 64256
[    0.075341] Policy zone: DMA32
[    0.075933] mem auto-init: stack:all(zero), heap alloc:on, heap free:off
[    0.077707] Memory: 199684K/261628K available (22528K kernel code, 4441K rwdata, 14428K rodata, 4932K init, 4776K bss, 61684K reserved, 0K cma-reserved)
[    0.081096] SLUB: HWalign=64, Order=0-3, MinObjects=0, CPUs=2, Nodes=1
Poking KASLR using RDRAND RDTSC...
[    0.083324] ftrace: allocating 58336 entries in 228 pages
[    0.096727] ftrace: allocated 228 pages with 4 groups
[    0.098581] Dynamic Preempt: voluntary
[    0.099490] rcu: Preemptible hierarchical RCU implementation.
[    0.100606] rcu: 	RCU restricting CPUs from NR_CPUS=8192 to nr_cpu_ids=2.
[    0.101947] 	Trampoline variant of Tasks RCU enabled.
[    0.102934] 	Rude variant of Tasks RCU enabled.
[    0.103815] 	Tracing variant of Tasks RCU enabled.
[    0.104746] rcu: RCU calculated value of scheduler-enlistment delay is 100 jiffies.
[    0.106219] rcu: Adjusting geometry for rcu_fanout_leaf=16, nr_cpu_ids=2
[    0.107511] RCU Tasks: Setting shift to 1 and lim to 1 rcu_task_cb_adjust=1 rcu_task_cpu_ids=2.
[    0.109185] RCU Tasks Rude: Setting shift to 1 and lim to 1 rcu_task_cb_adjust=1 rcu_task_cpu_ids=2.
[    0.110931] RCU Tasks Trace: Setting shift to 1 and lim to 1 rcu_task_cb_adjust=1 rcu_task_cpu_ids=2.
[    0.115505] NR_IRQS: 524544, nr_irqs: 424, preallocated irqs: 0
[    0.116700] rcu: srcu_init: Setting srcu_struct sizes based on contention.
[    0.118107] Console: colour dummy device 80x25
[    0.119031] printk: legacy console [ttyS0] enabled
[    0.119031] printk: legacy console [ttyS0] enabled
[    0.120906] printk: legacy bootconsole [earlyser0] disabled
[    0.120906] printk: legacy bootconsole [earlyser0] disabled
[    0.123150] ACPI: Core revision 20230628
[    0.124051] APIC: Switch to symmetric I/O mode setup
[    0.125669] x2apic enabled
[    0.126957] APIC: Switched APIC routing to: physical x2apic
[    0.128094] kvm-guest: APIC: send_IPI_mask() replaced with kvm_send_ipi_mask()
[    0.129521] kvm-guest: APIC: send_IPI_mask_allbutself() replaced with kvm_send_ipi_mask_allbutself()
[    0.131324] kvm-guest: setup PV IPIs
[    0.132245] clocksource: tsc-early: mask: 0xffffffffffffffff max_cycles: 0x233fd98c0cf, max_idle_ns: 440795209930 ns
[    0.134324] Calibrating delay loop (skipped) preset value.. 4890.85 BogoMIPS (lpj=2445428)
[    0.135321] x86/cpu: User Mode Instruction Prevention (UMIP) activated
[    0.135321] Last level iTLB entries: 4KB 512, 2MB 512, 4MB 256
[    0.135321] Last level dTLB entries: 4KB 2048, 2MB 2048, 4MB 1024, 1GB 0
[    0.135321] Spectre V1 : Mitigation: usercopy/swapgs barriers and __user pointer sanitization
[    0.135321] Spectre V2 : Mitigation: Retpolines
[    0.135321] Spectre V2 : Spectre v2 / SpectreRSB: Filling RSB on context switch and VMEXIT
[    0.135321] Speculative Store Bypass: Vulnerable
[    0.135321] Speculative Return Stack Overflow: IBPB-extending microcode not applied!
[    0.135321] Speculative Return Stack Overflow: WARNING: See https://kernel.org/doc/html/latest/admin-guide/hw-vuln/srso.html for mitigation options.
[    0.135321] active return thunk: srso_alias_return_thunk
[    0.135321] Speculative Return Stack Overflow: Vulnerable: Safe RET, no microcode
[    0.135321] x86/fpu: Supporting XSAVE feature 0x001: 'x87 floating point registers'
[    0.135321] x86/fpu: Supporting XSAVE feature 0x002: 'SSE registers'
[    0.135321] x86/fpu: Supporting XSAVE feature 0x004: 'AVX registers'
[    0.135321] x86/fpu: xstate_offset[2]:  576, xstate_sizes[2]:  256
[    0.135321] x86/fpu: Enabled xstate features 0x7, context size is 832 bytes, using 'compacted' format.
[    0.135321] Freeing SMP alternatives memory: 48K
[    0.135321] pid_max: default: 32768 minimum: 301
[    0.135321] LSM: initializing lsm=lockdown,capability,landlock,yama,apparmor,integrity
[    0.135321] landlock: Up and running.
[    0.135321] Yama: becoming mindful.
[    0.135321] AppArmor: AppArmor initialized
[    0.135321] Mount-cache hash table entries: 512 (order: 0, 4096 bytes, linear)
[    0.135321] Mountpoint-cache hash table entries: 512 (order: 0, 4096 bytes, linear)
[    0.135321] smpboot: CPU0: AMD 19/01 (family: 0x19, model: 0x1, stepping: 0x1)
[    0.135620] Performance Events: PMU not available due to virtualization, using software events only.
[    0.137362] signal: max sigframe size: 1776
[    0.138382] rcu: Hierarchical SRCU implementation.
[    0.139334] rcu: 	Max phase no-delay instances is 400.
[    0.144545] NMI watchdog: Perf NMI watchdog permanently disabled
[    0.145398] smp: Bringing up secondary CPUs ...
[    0.146489] smpboot: x86: Booting SMP configuration:
[    0.147337] .... node  #0, CPUs:      #1
[    0.017270] smpboot: CPU 1 Converting physical 0 to logical die 1
[    0.152426] smp: Brought up 1 node, 2 CPUs
[    0.153333] smpboot: Max logical packages: 2
[    0.154336] smpboot: Total of 2 processors activated (9781.71 BogoMIPS)
[    0.155821] devtmpfs: initialized
[    0.156389] x86/mm: Memory block size: 128MB
[    0.157735] clocksource: jiffies: mask: 0xffffffff max_cycles: 0xffffffff, max_idle_ns: 1911260446275000 ns
[    0.158344] futex hash table entries: 512 (order: 3, 32768 bytes, linear)
[    0.159413] pinctrl core: initialized pinctrl subsystem
[    0.161186] NET: Registered PF_NETLINK/PF_ROUTE protocol family
[    0.161489] DMA: preallocated 128 KiB GFP_KERNEL pool for atomic allocations
[    0.162352] DMA: preallocated 128 KiB GFP_KERNEL|GFP_DMA pool for atomic allocations
[    0.163352] DMA: preallocated 128 KiB GFP_KERNEL|GFP_DMA32 pool for atomic allocations
[    0.164347] audit: initializing netlink subsys (disabled)
[    0.165387] audit: type=2000 audit(1788663397.162:1): state=initialized audit_enabled=0 res=1
[    0.165712] thermal_sys: Registered thermal governor 'fair_share'
[    0.166339] thermal_sys: Registered thermal governor 'bang_bang'
[    0.167334] thermal_sys: Registered thermal governor 'step_wise'
[    0.168333] thermal_sys: Registered thermal governor 'user_space'
[    0.169332] thermal_sys: Registered thermal governor 'power_allocator'
[    0.170354] cpuidle: using governor ladder
[    0.172343] cpuidle: using governor menu
[    0.173523] ACPI FADT declares the system doesn't support MSI, so disable it
[    0.174334] acpiphp: ACPI Hot Plug PCI Controller Driver version: 0.5
[    0.175551] PCI: Fatal: No config space access function found
[    0.176589] kprobes: kprobe jump-optimization is enabled. All kprobes are optimized if possible.
[    0.201519] HugeTLB: registered 1.00 GiB page size, pre-allocated 0 pages
[    0.204336] HugeTLB: 16380 KiB vmemmap can be freed for a 1.00 GiB page
[    0.206336] HugeTLB: registered 2.00 MiB page size, pre-allocated 0 pages
[    0.209334] HugeTLB: 28 KiB vmemmap can be freed for a 2.00 MiB page
[    0.214546] ACPI: Added _OSI(Module Device)
[    0.215335] ACPI: Added _OSI(Processor Device)
[    0.216334] ACPI: Added _OSI(Processor Aggregator Device)
[    0.218449] ACPI: 1 ACPI AML tables successfully acquired and loaded
[    0.220406] ACPI: _OSC evaluated successfully for all CPUs
[    0.222364] ACPI: Interpreter enabled
[    0.223340] ACPI: PM: (supports S0)
[    0.224333] ACPI: Using IOAPIC for interrupt routing
[    0.225370] PCI: Using host bridge windows from ACPI; if necessary, use "pci=nocrs" and report a bug
[    0.228333] PCI: Using E820 reservations for host bridge windows
[    0.231340] iommu: Default domain type: Translated
[    0.232350] iommu: DMA domain TLB invalidation policy: lazy mode
[    0.234604] SCSI subsystem initialized
[    0.236412] ACPI: bus type USB registered
[    0.237387] usbcore: registered new interface driver usbfs
[    0.239352] usbcore: registered new interface driver hub
[    0.240343] usbcore: registered new device driver usb
[    0.242400] pps_core: LinuxPPS API ver. 1 registered
[    0.243335] pps_core: Software ver. 5.3.6 - Copyright 2005-2007 Rodolfo Giometti <giometti@linux.it>
[    0.246340] PTP clock support registered
[    0.247398] EDAC MC: Ver: 3.0.0
[    0.248838] NetLabel: Initializing
[    0.250334] NetLabel:  domain hash size = 128
[    0.251333] NetLabel:  protocols = UNLABELED CIPSOv4 CALIPSO
[    0.253386] NetLabel:  unlabeled traffic allowed by default
[    0.255405] mctp: management component transport protocol core
[    0.256333] NET: Registered PF_MCTP protocol family
[    0.258341] PCI: Using ACPI for IRQ routing
[    0.259333] PCI: System does not support PCI
[    0.260374] vgaarb: loaded
[    0.261469] clocksource: Switched to clocksource kvm-clock
[    0.263753] VFS: Disk quotas dquot_6.6.0
[    0.265217] VFS: Dquot-cache hash table entries: 512 (order 0, 4096 bytes)
[    0.267870] AppArmor: AppArmor Filesystem Enabled
[    0.269401] pnp: PnP ACPI init
[    0.270427] pnp: PnP ACPI: found 1 devices
[    0.273878] NET: Registered PF_INET protocol family
[    0.275395] IP idents hash table entries: 4096 (order: 3, 32768 bytes, linear)
[    0.293650] tcp_listen_portaddr_hash hash table entries: 256 (order: 0, 4096 bytes, linear)
[    0.296207] Table-perturb hash table entries: 65536 (order: 6, 262144 bytes, linear)
[    0.298462] TCP established hash table entries: 2048 (order: 2, 16384 bytes, linear)
[    0.300766] TCP bind hash table entries: 2048 (order: 4, 65536 bytes, linear)
[    0.302862] TCP: Hash tables configured (established 2048 bind 2048)
[    0.304757] MPTCP token hash table entries: 256 (order: 1, 6144 bytes, linear)
[    0.307010] UDP hash table entries: 256 (order: 1, 8192 bytes, linear)
[    0.308695] UDP-Lite hash table entries: 256 (order: 1, 8192 bytes, linear)
[    0.310479] NET: Registered PF_UNIX/PF_LOCAL protocol family
[    0.311923] NET: Registered PF_XDP protocol family
[    0.313124] PCI: CLS 0 bytes, default 64
[    0.314190] Trying to unpack rootfs image as initramfs...
[    0.317218] Freeing initrd memory: 2456K
[    0.318314] clocksource: tsc: mask: 0xffffffffffffffff max_cycles: 0x233fd98c0cf, max_idle_ns: 440795209930 ns
[    0.320942] clocksource: Switched to clocksource tsc
[    0.322738] Initialise system trusted keyrings
[    0.323901] Key type blacklist registered
[    0.325126] workingset: timestamp_bits=36 max_order=16 bucket_order=0
[    0.326780] zbud: loaded
[    0.327756] squashfs: version 4.0 (2009/01/31) Phillip Lougher
[    0.329705] fuse: init (API version 7.39)
[    0.331039] integrity: Platform Keyring initialized
[    0.332281] integrity: Machine keyring initialized
[    0.346220] Key type asymmetric registered
[    0.347477] Asymmetric key parser 'x509' registered
[    0.348947] Block layer SCSI generic (bsg) driver version 0.4 loaded (major 243)
[    0.351265] io scheduler mq-deadline registered
[    0.353010] shpchp: Standard Hot Plug PCI Controller Driver version: 0.4
[    0.355858] Serial: 8250/16550 driver, 32 ports, IRQ sharing enabled
[    0.358159] 00:00: ttyS0 at I/O 0x3f8 (irq = 27, base_baud = 115200) is a 16450
[    0.363907] Linux agpgart interface v0.103
[    0.367409] loop: module loaded
[    0.368559] virtio_blk virtio0: 1/0/0 default/read/poll queues
[    0.370641] virtio_blk virtio0: [vda] 131072 512-byte logical blocks (67.1 MB/64.0 MiB)
[    0.373940] ACPI: bus type drm_connector registered
[    0.375692] tun: Universal TUN/TAP device driver, 1.6
[    0.378344] PPP generic driver version 2.4.2
[    0.379826] i8042: PNP: No PS/2 controller found.
[    0.381374] mousedev: PS/2 mouse device common for all mice
[    0.383177] i2c_dev: i2c /dev entries driver
[    0.384543] device-mapper: core: CONFIG_IMA_DISABLE_HTABLE is disabled. Duplicate IMA measurements will not be recorded in the IMA log.
[    0.388186] device-mapper: uevent: version 1.0.3
[    0.389633] device-mapper: ioctl: 4.48.0-ioctl (2023-03-01) initialised: dm-devel@redhat.com
[    0.392171] amd_pstate: the _CPC object is not present in SBIOS or ACPI disabled
[    0.394475] ledtrig-cpu: registered to indicate activity on CPUs
[    0.396378] drop_monitor: Initializing network drop monitor service
[    0.398432] NET: Registered PF_INET6 protocol family
[    0.401438] Segment Routing with IPv6
[    0.402639] In-situ OAM (IOAM) with IPv6
[    0.403876] NET: Registered PF_PACKET protocol family
[    0.405562] Key type dns_resolver registered
[    0.407825] IPI shorthand broadcast: enabled
[    0.412382] sched_clock: Marking stable (396024112, 16270827)->(536728968, -124434029)
[    0.414971] registered taskstats version 1
[    0.416831] Loading compiled-in X.509 certificates
[    0.418961] Loaded X.509 cert 'Build time autogenerated kernel key: 65a2441d98c8a817e997fff77c85e3c2a2878aa1'
[    0.422458] Loaded X.509 cert 'Canonical Ltd. Live Patch Signing 2025 Kmod: d541cef61dc7e793b7eb7e899970a2eef0b5dc8c'
[    0.426028] Loaded X.509 cert 'Canonical Ltd. Live Patch Signing: 14df34d1a87cf37625abec039ef2bf521249b969'
[    0.429432] Loaded X.509 cert 'Canonical Ltd. Kernel Module Signing 2025 Kmod: 4627603d2357a2a3f81006370894c221175893e9'
[    0.433098] Loaded X.509 cert 'Canonical Ltd. Kernel Module Signing: 88f752e560a1e0737e31163a466ad7b70a850c19'
[    0.436088] blacklist: Loading compiled-in revocation X.509 certificates
[    0.438141] Loaded X.509 cert 'Canonical Ltd. Secure Boot Signing: 61482aa2830d0ab2ad5af10b7250da9033ddcef0'
[    0.441111] Loaded X.509 cert 'Canonical Ltd. Secure Boot Signing (2017): 242ade75ac4a15e50d50c84b0d45ff3eae707a03'
[    0.444390] Loaded X.509 cert 'Canonical Ltd. Secure Boot Signing (ESM 2018): 365188c1d374d6b07c3c8f240f8ef722433d6a8b'
[    0.447631] Loaded X.509 cert 'Canonical Ltd. Secure Boot Signing (2019): c0746fd6c5da3ae827864651ad66ae47fe24b3e8'
[    0.450753] Loaded X.509 cert 'Canonical Ltd. Secure Boot Signing (2021 v1): a8d54bbb3825cfb94fa13c9f8a594a195c107b8d'
[    0.453941] Loaded X.509 cert 'Canonical Ltd. Secure Boot Signing (2021 v2): 4cf046892d6fd3c9a5b03f98d845f90851dc6a8c'
[    0.457156] Loaded X.509 cert 'Canonical Ltd. Secure Boot Signing (2021 v3): 100437bb6de6e469b581e61cd66bce3ef4ed53af'
[    0.460384] Loaded X.509 cert 'Canonical Ltd. Secure Boot Signing (Ubuntu Core 2019): c1d57b8f6b743f23ee41f4f7ee292f06eecadfb9'
[    0.470788] Key type .fscrypt registered
[    0.472012] Key type fscrypt-provisioning registered
[    0.474690] Key type encrypted registered
[    0.475983] AppArmor: AppArmor sha256 policy hashing enabled
[    0.477766] ima: No TPM chip found, activating TPM-bypass!
[    0.479444] Loading compiled-in module X.509 certificates
[    0.481614] Loaded X.509 cert 'Build time autogenerated kernel key: 65a2441d98c8a817e997fff77c85e3c2a2878aa1'
[    0.484637] ima: Allocated hash algorithm: sha256
[    0.486093] ima: No architecture policies found
[    0.487521] evm: Initialising EVM extended attributes:
[    0.489084] evm: security.selinux
[    0.490141] evm: security.SMACK64
[    0.491174] evm: security.SMACK64EXEC
[    0.492357] evm: security.SMACK64TRANSMUTE
[    0.493630] evm: security.SMACK64MMAP
[    0.494757] evm: security.apparmor
[    0.495804] evm: security.ima
[    0.496750] evm: security.capability
[    0.497864] evm: HMAC attrs: 0x1
[    0.507435] RAS: Correctable Errors collector initialized.
[    0.509215] clk: Disabling unused clocks
[    0.512843] Freeing unused decrypted memory: 2028K
[    0.515159] Freeing unused kernel image (initmem) memory: 4932K
[    0.516947] Write protecting the kernel read-only data: 38912k
[    0.519423] Freeing unused kernel image (rodata/data gap) memory: 1956K
[    0.577452] x86/mm: Checked W+X mappings: passed, no W+X pages found.
[    0.579079] Run /init as init process
+ modprobe virtio_mmio
+ modprobe virtio_blk
+ modprobe virtio_net
+ modprobe ext4
+ mount /dev/vda /disk
[    0.595713] EXT4-fs (vda): mounted filesystem 0690ef1b-71d2-417a-ace3-bbe590d1f374 r/w with ordered data mode. Quota mode: none.
+ echo run-private-write
+ sync
+ cat /sys/devices/system/cpu/online
+ test 0-1 '=' 0-1
+ echo RUN_USERSPACE_SMP_DISK_OK
RUN_USERSPACE_SMP_DISK_OK
+ test -d /sys/class/net/eth0
+ ifconfig eth0 10.0.0.2 netmask 255.255.255.0 up
+ route add default gw 10.0.0.1
+ set +x


BusyBox v1.36.1 (Ubuntu 1:1.36.1-6ubuntu3.1) built-in shell (ash)
Enter 'help' for a list of built-in commands.

~ # [6nstty -echo; printf '\nRUN_BEGIN_4d55efbf7ca9f240\n'; sh -c 'printf from_agen
t; exit 7'; printf '\nRUN_END_4d55efbf7ca9f240:%d\n' $?

RUN_BEGIN_4d55efbf7ca9f240
from_agent
RUN_END_4d55efbf7ca9f240:7
~ # 
RUN_BEGIN_53fc305df718beff
RUN_NETWORK_OK

RUN_END_53fc305df718beff:0
~ # 
RUN_BEGIN_dabfca39142264b2
wget: download timed out

RUN_END_dabfca39142264b2:1
~ # 
RUN_BEGIN_8c4c2a1220ab4040
[    2.794250] EXT4-fs (vda): unmounting filesystem 0690ef1b-71d2-417a-ace3-bbe590d1f374.

RUN_END_8c4c2a1220ab4040:0
~ # vm0 up  2 vCPU  256 MiB  kernel=/boot/vmlinuz-6.8.0-139-generic
[    0.000000] Linux version 6.8.0-139-generic (buildd@lcy02-amd64-036) (x86_64-linux-gnu-gcc-13 (Ubuntu 13.3.0-6ubuntu2~24.04.1) 13.3.0, GNU ld (GNU Binutils for Ubuntu) 2.42) #139-Ubuntu SMP PREEMPT_DYNAMIC Sat Aug  1 03:52:05 UTC 2026 (Ubuntu 6.8.0-139.139-generic 6.8.12)
[    0.000000] Command line: console=ttyS0 earlyprintk=serial,ttyS0,115200 reboot=t panic=1 pci=off tsc=reliable acpi=force 
[    0.000000] KERNEL supported cpus:
[    0.000000]   Intel GenuineIntel
[    0.000000]   AMD AuthenticAMD
[    0.000000]   Hygon HygonGenuine
[    0.000000]   Centaur CentaurHauls
[    0.000000]   zhaoxin   Shanghai  
[    0.000000] [Firmware Bug]: TSC doesn't count with P0 frequency!
[    0.000000] BIOS-provided physical RAM map:
[    0.000000] BIOS-e820: [mem 0x0000000000000000-0x000000000007ffff] usable
[    0.000000] BIOS-e820: [mem 0x0000000000080000-0x000000000008ffff] ACPI data
[    0.000000] BIOS-e820: [mem 0x0000000000100000-0x000000000fffffff] usable
[    0.000000] printk: legacy bootconsole [earlyser0] enabled
[    0.000000] NX (Execute Disable) protection: active
[    0.000000] APIC: Static calls initialized
[    0.000000] DMI not present or invalid.
[    0.000000] Hypervisor detected: KVM
[    0.000000] kvm-clock: Using msrs 4b564d01 and 4b564d00
[    0.000001] kvm-clock: using sched offset of 123032112 cycles
[    0.001002] clocksource: kvm-clock: mask: 0xffffffffffffffff max_cycles: 0x1cd42e4dffb, max_idle_ns: 881590591483 ns
[    0.004112] tsc: Detected 2445.428 MHz processor
[    0.005020] last_pfn = 0x10000 max_arch_pfn = 0x400000000
[    0.006212] MTRRs disabled by BIOS
[    0.006878] x86/PAT: Configuration [0-7]: WB  WC  UC- UC  WB  WP  UC- WT  
Memory KASLR using RDRAND RDTSC...
[    0.012682] Using GB pages for direct mapping
[    0.013619] RAMDISK: [mem 0x0fd9a000-0x0fffffff]
[    0.014542] ACPI: Early table checksum verification disabled
[    0.015627] ACPI: RSDP 0x0000000000080000 000024 (v02 RUN   )
[    0.016727] ACPI: XSDT 0x0000000000080040 000034 (v01 RUN    RUN      00000001 RUN  00000001)
[    0.018382] ACPI: FACP 0x0000000000080080 000114 (v06 RUN    RUN      00000001 RUN  00000001)
[    0.020022] ACPI: DSDT 0x00000000000801E6 0000CD (v02 RUN    RUN      00000001 RUN  00000001)
[    0.021657] ACPI: APIC 0x0000000000080194 000052 (v04 RUN    RUN      00000001 RUN  00000001)
[    0.023275] ACPI: Reserving FACP table memory at [mem 0x80080-0x80193]
[    0.024531] ACPI: Reserving DSDT table memory at [mem 0x801e6-0x802b2]
[    0.025768] ACPI: Reserving APIC table memory at [mem 0x80194-0x801e5]
[    0.027124] No NUMA configuration found
[    0.027864] Faking a node at [mem 0x0000000000000000-0x000000000fffffff]
[    0.029156] NODE_DATA(0) allocated [mem 0x0fd6f000-0x0fd99fff]
[    0.030393] Zone ranges:
[    0.030872]   DMA      [mem 0x0000000000001000-0x0000000000ffffff]
[    0.032048]   DMA32    [mem 0x0000000001000000-0x000000000fffffff]
[    0.033232]   Normal   empty
[    0.033788]   Device   empty
[    0.034354] Movable zone start for each node
[    0.035159] Early memory node ranges
[    0.035842]   node   0: [mem 0x0000000000001000-0x000000000007ffff]
[    0.037037]   node   0: [mem 0x0000000000100000-0x000000000fffffff]
[    0.038228] Initmem setup node 0 [mem 0x0000000000001000-0x000000000fffffff]
[    0.039767] On node 0, zone DMA: 1 pages in unavailable ranges
[    0.040986] On node 0, zone DMA: 128 pages in unavailable ranges
[    0.042503] IOAPIC[0]: apic_id 0, version 17, address 0xfec00000, GSI 0-23
[    0.043835] ACPI: INT_SRC_OVR (bus 0 bus_irq 0 global_irq 2 dfl dfl)
[    0.045062] ACPI: Using ACPI (MADT) for SMP configuration information
[    0.046301] TSC deadline timer available
[    0.047046] smpboot: Allowing 2 CPUs, 0 hotplug CPUs
[    0.048023] kvm-guest: APIC: eoi() replaced with kvm_guest_apic_eoi_write()
[    0.049392] kvm-guest: KVM setup pv remote TLB flush
[    0.050356] kvm-guest: setup PV sched yield
[    0.051148] PM: hibernation: Registered nosave memory: [mem 0x00000000-0x00000fff]
[    0.052619] PM: hibernation: Registered nosave memory: [mem 0x00080000-0x000fffff]
[    0.054072] [mem 0x10000000-0xffffffff] available for PCI devices
[    0.055232] Booting paravirtualized kernel on KVM
[    0.056135] clocksource: refined-jiffies: mask: 0xffffffff max_cycles: 0xffffffff, max_idle_ns: 1910969940391419 ns
[    0.058145] setup_percpu: NR_CPUS:8192 nr_cpumask_bits:2 nr_cpu_ids:2 nr_node_ids:1
[    0.059824] percpu: Embedded 86 pages/cpu s229376 r8192 d114688 u1048576
[    0.061179] kvm-guest: PV spinlocks enabled
[    0.061993] PV qspinlock hash table entries: 256 (order: 0, 4096 bytes, linear)
[    0.063402] Kernel command line: console=ttyS0 earlyprintk=serial,ttyS0,115200 reboot=t panic=1 pci=off tsc=reliable acpi=force 
[    0.065708] random: crng init done
[    0.066386] Dentry cache hash table entries: 32768 (order: 6, 262144 bytes, linear)
[    0.067874] Inode-cache hash table entries: 16384 (order: 5, 131072 bytes, linear)
[    0.069455] Fallback order for Node 0: 0 
[    0.069459] Built 1 zonelists, mobility grouping on.  Total pages: 64256
[    0.071534] Policy zone: DMA32
[    0.072121] mem auto-init: stack:all(zero), heap alloc:on, heap free:off
[    0.073886] Memory: 199688K/261628K available (22528K kernel code, 4441K rwdata, 14428K rodata, 4932K init, 4776K bss, 61680K reserved, 0K cma-reserved)
[    0.077252] SLUB: HWalign=64, Order=0-3, MinObjects=0, CPUs=2, Nodes=1
Poking KASLR using RDRAND RDTSC...
[    0.079153] ftrace: allocating 58336 entries in 228 pages
[    0.092544] ftrace: allocated 228 pages with 4 groups
[    0.094409] Dynamic Preempt: voluntary
[    0.095317] rcu: Preemptible hierarchical RCU implementation.
[    0.096428] rcu: 	RCU restricting CPUs from NR_CPUS=8192 to nr_cpu_ids=2.
[    0.097742] 	Trampoline variant of Tasks RCU enabled.
[    0.098718] 	Rude variant of Tasks RCU enabled.
[    0.099591] 	Tracing variant of Tasks RCU enabled.
[    0.100517] rcu: RCU calculated value of scheduler-enlistment delay is 100 jiffies.
[    0.102036] rcu: Adjusting geometry for rcu_fanout_leaf=16, nr_cpu_ids=2
[    0.103363] RCU Tasks: Setting shift to 1 and lim to 1 rcu_task_cb_adjust=1 rcu_task_cpu_ids=2.
[    0.105043] RCU Tasks Rude: Setting shift to 1 and lim to 1 rcu_task_cb_adjust=1 rcu_task_cpu_ids=2.
[    0.106807] RCU Tasks Trace: Setting shift to 1 and lim to 1 rcu_task_cb_adjust=1 rcu_task_cpu_ids=2.
[    0.111366] NR_IRQS: 524544, nr_irqs: 424, preallocated irqs: 0
[    0.112567] rcu: srcu_init: Setting srcu_struct sizes based on contention.
[    0.113984] Console: colour dummy device 80x25
[    0.114934] printk: legacy console [ttyS0] enabled
[    0.114934] printk: legacy console [ttyS0] enabled
[    0.116852] printk: legacy bootconsole [earlyser0] disabled
[    0.116852] printk: legacy bootconsole [earlyser0] disabled
[    0.119106] ACPI: Core revision 20230628
[    0.120026] APIC: Switch to symmetric I/O mode setup
[    0.121690] x2apic enabled
[    0.122986] APIC: Switched APIC routing to: physical x2apic
[    0.124130] kvm-guest: APIC: send_IPI_mask() replaced with kvm_send_ipi_mask()
[    0.125592] kvm-guest: APIC: send_IPI_mask_allbutself() replaced with kvm_send_ipi_mask_allbutself()
[    0.127418] kvm-guest: setup PV IPIs
[    0.128356] clocksource: tsc-early: mask: 0xffffffffffffffff max_cycles: 0x233fd98c0cf, max_idle_ns: 440795209930 ns
[    0.130456] Calibrating delay loop (skipped) preset value.. 4890.85 BogoMIPS (lpj=2445428)
[    0.131453] x86/cpu: User Mode Instruction Prevention (UMIP) activated
[    0.131453] Last level iTLB entries: 4KB 512, 2MB 512, 4MB 256
[    0.131453] Last level dTLB entries: 4KB 2048, 2MB 2048, 4MB 1024, 1GB 0
[    0.131453] Spectre V1 : Mitigation: usercopy/swapgs barriers and __user pointer sanitization
[    0.131453] Spectre V2 : Mitigation: Retpolines
[    0.131453] Spectre V2 : Spectre v2 / SpectreRSB: Filling RSB on context switch and VMEXIT
[    0.131453] Speculative Store Bypass: Vulnerable
[    0.131453] Speculative Return Stack Overflow: IBPB-extending microcode not applied!
[    0.131453] Speculative Return Stack Overflow: WARNING: See https://kernel.org/doc/html/latest/admin-guide/hw-vuln/srso.html for mitigation options.
[    0.131453] active return thunk: srso_alias_return_thunk
[    0.131453] Speculative Return Stack Overflow: Vulnerable: Safe RET, no microcode
[    0.131453] x86/fpu: Supporting XSAVE feature 0x001: 'x87 floating point registers'
[    0.131453] x86/fpu: Supporting XSAVE feature 0x002: 'SSE registers'
[    0.131453] x86/fpu: Supporting XSAVE feature 0x004: 'AVX registers'
[    0.131453] x86/fpu: xstate_offset[2]:  576, xstate_sizes[2]:  256
[    0.131453] x86/fpu: Enabled xstate features 0x7, context size is 832 bytes, using 'compacted' format.
[    0.131453] Freeing SMP alternatives memory: 48K
[    0.131453] pid_max: default: 32768 minimum: 301
[    0.131453] LSM: initializing lsm=lockdown,capability,landlock,yama,apparmor,integrity
[    0.131453] landlock: Up and running.
[    0.131453] Yama: becoming mindful.
[    0.131453] AppArmor: AppArmor initialized
[    0.131453] Mount-cache hash table entries: 512 (order: 0, 4096 bytes, linear)
[    0.131453] Mountpoint-cache hash table entries: 512 (order: 0, 4096 bytes, linear)
[    0.131453] smpboot: CPU0: AMD 19/01 (family: 0x19, model: 0x1, stepping: 0x1)
[    0.131748] Performance Events: PMU not available due to virtualization, using software events only.
[    0.133492] signal: max sigframe size: 1776
[    0.134511] rcu: Hierarchical SRCU implementation.
[    0.135465] rcu: 	Max phase no-delay instances is 400.
[    0.140694] NMI watchdog: Perf NMI watchdog permanently disabled
[    0.141526] smp: Bringing up secondary CPUs ...
[    0.142631] smpboot: x86: Booting SMP configuration:
[    0.143469] .... node  #0, CPUs:      #1
[    0.017522] smpboot: CPU 1 Converting physical 0 to logical die 1
[    0.148557] smp: Brought up 1 node, 2 CPUs
[    0.149465] smpboot: Max logical packages: 2
[    0.150468] smpboot: Total of 2 processors activated (9781.71 BogoMIPS)
[    0.151928] devtmpfs: initialized
[    0.152523] x86/mm: Memory block size: 128MB
[    0.153840] clocksource: jiffies: mask: 0xffffffff max_cycles: 0xffffffff, max_idle_ns: 1911260446275000 ns
[    0.154475] futex hash table entries: 512 (order: 3, 32768 bytes, linear)
[    0.155549] pinctrl core: initialized pinctrl subsystem
[    0.157322] NET: Registered PF_NETLINK/PF_ROUTE protocol family
[    0.157582] DMA: preallocated 128 KiB GFP_KERNEL pool for atomic allocations
[    0.158484] DMA: preallocated 128 KiB GFP_KERNEL|GFP_DMA pool for atomic allocations
[    0.159474] DMA: preallocated 128 KiB GFP_KERNEL|GFP_DMA32 pool for atomic allocations
[    0.160476] audit: initializing netlink subsys (disabled)
[    0.161621] audit: type=2000 audit(1788663400.302:1): state=initialized audit_enabled=0 res=1
[    0.161936] thermal_sys: Registered thermal governor 'fair_share'
[    0.162471] thermal_sys: Registered thermal governor 'bang_bang'
[    0.163465] thermal_sys: Registered thermal governor 'step_wise'
[    0.164465] thermal_sys: Registered thermal governor 'user_space'
[    0.165465] thermal_sys: Registered thermal governor 'power_allocator'
[    0.166484] cpuidle: using governor ladder
[    0.168476] cpuidle: using governor menu
[    0.169649] ACPI FADT declares the system doesn't support MSI, so disable it
[    0.170466] acpiphp: ACPI Hot Plug PCI Controller Driver version: 0.5
[    0.171566] PCI: Fatal: No config space access function found
[    0.172736] kprobes: kprobe jump-optimization is enabled. All kprobes are optimized if possible.
[    0.192689] HugeTLB: registered 1.00 GiB page size, pre-allocated 0 pages
[    0.195468] HugeTLB: 16380 KiB vmemmap can be freed for a 1.00 GiB page
[    0.197467] HugeTLB: registered 2.00 MiB page size, pre-allocated 0 pages
[    0.200466] HugeTLB: 28 KiB vmemmap can be freed for a 2.00 MiB page
[    0.209689] ACPI: Added _OSI(Module Device)
[    0.211473] ACPI: Added _OSI(Processor Device)
[    0.212466] ACPI: Added _OSI(Processor Aggregator Device)
[    0.214575] ACPI: 1 ACPI AML tables successfully acquired and loaded
[    0.216535] ACPI: _OSC evaluated successfully for all CPUs
[    0.218491] ACPI: Interpreter enabled
[    0.219472] ACPI: PM: (supports S0)
[    0.220465] ACPI: Using IOAPIC for interrupt routing
[    0.221502] PCI: Using host bridge windows from ACPI; if necessary, use "pci=nocrs" and report a bug
[    0.224465] PCI: Using E820 reservations for host bridge windows
[    0.227468] iommu: Default domain type: Translated
[    0.228481] iommu: DMA domain TLB invalidation policy: lazy mode
[    0.230742] SCSI subsystem initialized
[    0.231645] ACPI: bus type USB registered
[    0.233519] usbcore: registered new interface driver usbfs
[    0.234479] usbcore: registered new interface driver hub
[    0.236475] usbcore: registered new device driver usb
[    0.237500] pps_core: LinuxPPS API ver. 1 registered
[    0.239464] pps_core: Software ver. 5.3.6 - Copyright 2005-2007 Rodolfo Giometti <giometti@linux.it>
[    0.241473] PTP clock support registered
[    0.243520] EDAC MC: Ver: 3.0.0
[    0.244811] NetLabel: Initializing
[    0.245465] NetLabel:  domain hash size = 128
[    0.247464] NetLabel:  protocols = UNLABELED CIPSOv4 CALIPSO
[    0.248492] NetLabel:  unlabeled traffic allowed by default
[    0.250533] mctp: management component transport protocol core
[    0.252465] NET: Registered PF_MCTP protocol family
[    0.253470] PCI: Using ACPI for IRQ routing
[    0.254465] PCI: System does not support PCI
[    0.256502] vgaarb: loaded
[    0.257608] clocksource: Switched to clocksource kvm-clock
[    0.259889] VFS: Disk quotas dquot_6.6.0
[    0.261196] VFS: Dquot-cache hash table entries: 512 (order 0, 4096 bytes)
[    0.264126] AppArmor: AppArmor Filesystem Enabled
[    0.265596] pnp: PnP ACPI init
[    0.266620] pnp: PnP ACPI: found 1 devices
[    0.270107] NET: Registered PF_INET protocol family
[    0.271686] IP idents hash table entries: 4096 (order: 3, 32768 bytes, linear)
[    0.290355] tcp_listen_portaddr_hash hash table entries: 256 (order: 0, 4096 bytes, linear)
[    0.292578] Table-perturb hash table entries: 65536 (order: 6, 262144 bytes, linear)
[    0.294514] TCP established hash table entries: 2048 (order: 2, 16384 bytes, linear)
[    0.296440] TCP bind hash table entries: 2048 (order: 4, 65536 bytes, linear)
[    0.298212] TCP: Hash tables configured (established 2048 bind 2048)
[    0.299828] MPTCP token hash table entries: 256 (order: 1, 6144 bytes, linear)
[    0.301604] UDP hash table entries: 256 (order: 1, 8192 bytes, linear)
[    0.303207] UDP-Lite hash table entries: 256 (order: 1, 8192 bytes, linear)
[    0.304962] NET: Registered PF_UNIX/PF_LOCAL protocol family
[    0.306373] NET: Registered PF_XDP protocol family
[    0.307579] PCI: CLS 0 bytes, default 64
[    0.308656] Trying to unpack rootfs image as initramfs...
[    0.310184] clocksource: tsc: mask: 0xffffffffffffffff max_cycles: 0x233fd98c0cf, max_idle_ns: 440795209930 ns
[    0.312594] Freeing initrd memory: 2456K
[    0.314961] clocksource: Switched to clocksource tsc
[    0.316917] Initialise system trusted keyrings
[    0.318100] Key type blacklist registered
[    0.319284] workingset: timestamp_bits=36 max_order=16 bucket_order=0
[    0.321017] zbud: loaded
[    0.322153] squashfs: version 4.0 (2009/01/31) Phillip Lougher
[    0.323948] fuse: init (API version 7.39)
[    0.325345] integrity: Platform Keyring initialized
[    0.326657] integrity: Machine keyring initialized
[    0.340571] Key type asymmetric registered
[    0.341617] Asymmetric key parser 'x509' registered
[    0.342864] Block layer SCSI generic (bsg) driver version 0.4 loaded (major 243)
[    0.345162] io scheduler mq-deadline registered
[    0.346760] shpchp: Standard Hot Plug PCI Controller Driver version: 0.4
[    0.349292] Serial: 8250/16550 driver, 32 ports, IRQ sharing enabled
[    0.351314] 00:00: ttyS0 at I/O 0x3f8 (irq = 27, base_baud = 115200) is a 16450
[    0.358819] Linux agpgart interface v0.103
[    0.363171] loop: module loaded
[    0.364221] virtio_blk virtio0: 1/0/0 default/read/poll queues
[    0.366053] virtio_blk virtio0: [vda] 131072 512-byte logical blocks (67.1 MB/64.0 MiB)
[    0.369237] ACPI: bus type drm_connector registered
[    0.370813] tun: Universal TUN/TAP device driver, 1.6
[    0.372250] PPP generic driver version 2.4.2
[    0.373692] i8042: PNP: No PS/2 controller found.
[    0.375429] mousedev: PS/2 mouse device common for all mice
[    0.377077] i2c_dev: i2c /dev entries driver
[    0.378229] device-mapper: core: CONFIG_IMA_DISABLE_HTABLE is disabled. Duplicate IMA measurements will not be recorded in the IMA log.
[    0.381318] device-mapper: uevent: version 1.0.3
[    0.382694] device-mapper: ioctl: 4.48.0-ioctl (2023-03-01) initialised: dm-devel@redhat.com
[    0.384851] amd_pstate: the _CPC object is not present in SBIOS or ACPI disabled
[    0.386782] ledtrig-cpu: registered to indicate activity on CPUs
[    0.388383] drop_monitor: Initializing network drop monitor service
[    0.390094] NET: Registered PF_INET6 protocol family
[    0.392522] Segment Routing with IPv6
[    0.393521] In-situ OAM (IOAM) with IPv6
[    0.394615] NET: Registered PF_PACKET protocol family
[    0.396023] Key type dns_resolver registered
[    0.398158] IPI shorthand broadcast: enabled
[    0.402474] sched_clock: Marking stable (385017724, 16522566)->(514192573, -112652283)
[    0.404787] registered taskstats version 1
[    0.406107] Loading compiled-in X.509 certificates
[    0.408285] Loaded X.509 cert 'Build time autogenerated kernel key: 65a2441d98c8a817e997fff77c85e3c2a2878aa1'
[    0.411220] Loaded X.509 cert 'Canonical Ltd. Live Patch Signing 2025 Kmod: d541cef61dc7e793b7eb7e899970a2eef0b5dc8c'
[    0.414296] Loaded X.509 cert 'Canonical Ltd. Live Patch Signing: 14df34d1a87cf37625abec039ef2bf521249b969'
[    0.417181] Loaded X.509 cert 'Canonical Ltd. Kernel Module Signing 2025 Kmod: 4627603d2357a2a3f81006370894c221175893e9'
[    0.420329] Loaded X.509 cert 'Canonical Ltd. Kernel Module Signing: 88f752e560a1e0737e31163a466ad7b70a850c19'
[    0.422838] blacklist: Loading compiled-in revocation X.509 certificates
[    0.424539] Loaded X.509 cert 'Canonical Ltd. Secure Boot Signing: 61482aa2830d0ab2ad5af10b7250da9033ddcef0'
[    0.427022] Loaded X.509 cert 'Canonical Ltd. Secure Boot Signing (2017): 242ade75ac4a15e50d50c84b0d45ff3eae707a03'
[    0.430187] Loaded X.509 cert 'Canonical Ltd. Secure Boot Signing (ESM 2018): 365188c1d374d6b07c3c8f240f8ef722433d6a8b'
[    0.432898] Loaded X.509 cert 'Canonical Ltd. Secure Boot Signing (2019): c0746fd6c5da3ae827864651ad66ae47fe24b3e8'
[    0.435513] Loaded X.509 cert 'Canonical Ltd. Secure Boot Signing (2021 v1): a8d54bbb3825cfb94fa13c9f8a594a195c107b8d'
[    0.438184] Loaded X.509 cert 'Canonical Ltd. Secure Boot Signing (2021 v2): 4cf046892d6fd3c9a5b03f98d845f90851dc6a8c'
[    0.440870] Loaded X.509 cert 'Canonical Ltd. Secure Boot Signing (2021 v3): 100437bb6de6e469b581e61cd66bce3ef4ed53af'
[    0.443570] Loaded X.509 cert 'Canonical Ltd. Secure Boot Signing (Ubuntu Core 2019): c1d57b8f6b743f23ee41f4f7ee292f06eecadfb9'
[    0.453163] Key type .fscrypt registered
[    0.454239] Key type fscrypt-provisioning registered
[    0.456690] Key type encrypted registered
[    0.457768] AppArmor: AppArmor sha256 policy hashing enabled
[    0.459209] ima: No TPM chip found, activating TPM-bypass!
[    0.460654] Loading compiled-in module X.509 certificates
[    0.462477] Loaded X.509 cert 'Build time autogenerated kernel key: 65a2441d98c8a817e997fff77c85e3c2a2878aa1'
[    0.465033] ima: Allocated hash algorithm: sha256
[    0.466258] ima: No architecture policies found
[    0.467461] evm: Initialising EVM extended attributes:
[    0.468824] evm: security.selinux
[    0.469704] evm: security.SMACK64
[    0.470517] evm: security.SMACK64EXEC
[    0.471481] evm: security.SMACK64TRANSMUTE
[    0.472568] evm: security.SMACK64MMAP
[    0.473477] evm: security.apparmor
[    0.474384] evm: security.ima
[    0.475340] evm: security.capability
[    0.476495] evm: HMAC attrs: 0x1
[    0.486092] RAS: Correctable Errors collector initialized.
[    0.487666] clk: Disabling unused clocks
[    0.491015] Freeing unused decrypted memory: 2028K
[    0.493034] Freeing unused kernel image (initmem) memory: 4932K
[    0.494565] Write protecting the kernel read-only data: 38912k
[    0.496810] Freeing unused kernel image (rodata/data gap) memory: 1956K
[    0.554713] x86/mm: Checked W+X mappings: passed, no W+X pages found.
[    0.556327] Run /init as init process
+ modprobe virtio_mmio
+ modprobe virtio_blk
+ modprobe virtio_net
+ modprobe ext4
+ mount /dev/vda /disk
[    0.572431] EXT4-fs (vda): mounted filesystem 0690ef1b-71d2-417a-ace3-bbe590d1f374 r/w with ordered data mode. Quota mode: none.
+ echo run-private-write
+ sync
+ cat /sys/devices/system/cpu/online
+ test 0-1 '=' 0-1
+ echo RUN_USERSPACE_SMP_DISK_OK
RUN_USERSPACE_SMP_DISK_OK
+ test -d /sys/class/net/eth0
+ set +x


BusyBox v1.36.1 (Ubuntu 1:1.36.1-6ubuntu3.1) built-in shell (ash)
Enter 'help' for a list of built-in commands.

~ # [6nstty -echo; printf '\nRUN_BEGIN_5ae62a4cfbf852f9\n'; sh -c 'cat /disk/agent'
; printf '\nRUN_END_5ae62a4cfbf852f9:%d\n' $?

RUN_BEGIN_5ae62a4cfbf852f9
agent-persist

RUN_END_5ae62a4cfbf852f9:0
~ # 
